// Jest Snapshot v1, https://goo.gl/fbAQLP

exports[`Tests in <GifItem /> should make match with the snapshot 1`] = `
<div>
  <div
    class="card"
  >
    <img
      alt="Test-Title"
      src="https://testpage.com/test.jpg"
    />
    <p>
      Test-Title
    </p>
  </div>
</div>
`;
